69T	/exports/archive/molepi-lts/
36T	/exports/archive/molepi-lts/raw
21T	/exports/archive/molepi-lts/processing
11T	/exports/archive/molepi-lts/results
11T	/exports/archive/molepi-lts/raw/Groep_Hart
8.5T	/exports/archive/molepi-lts/raw/LLS-sibs
7.9T	/exports/archive/molepi-lts/raw/Twinlife
7.5T	/exports/archive/molepi-lts/results/LLS-offpart
6.4T	/exports/archive/molepi-lts/processing/GOTO
5.0T	/exports/archive/molepi-lts/processing/RAAK
3.0T	/exports/archive/molepi-lts/raw/RAAK
2.9T	/exports/archive/molepi-lts/raw/sasc
2.4T	/exports/archive/molepi-lts/processing/sasc
1.8T	/exports/archive/molepi-lts/processing/GWAS_RAAK_GARP
1.5T	/exports/archive/molepi-lts/processing/RSC_BIOS
1.3T	/exports/archive/molepi-lts/results/BBMRI_BIOS
1.3T	/exports/archive/molepi-lts/project_archive/groep_hart
1.3T	/exports/archive/molepi-lts/project_archive
1.1T	/exports/archive/molepi-lts/backups
992G	/exports/archive/molepi-lts/raw/SCIMAP
988G	/exports/archive/molepi-lts/raw/GOTO
798G	/exports/archive/molepi-lts/raw/GoDMC
779G	/exports/archive/molepi-lts/processing/PROSPER
589G	/exports/archive/molepi-lts/processing/HRC1.1_imputation
539G	/exports/archive/molepi-lts/results/RAAK_GARP_GWAS_meta
477G	/exports/archive/molepi-lts/backups/LLS_Sibs_RS_Controls_1000_Genomes
464G	/exports/archive/molepi-lts/processing/Genomasia
444G	/exports/archive/molepi-lts/processing/LLS-sibs
348G	/exports/archive/molepi-lts/processing/Groep_Hart
296G	/exports/archive/molepi-lts/results/LLS-offpart_UPDATE
296G	/exports/archive/molepi-lts/processing/LLS-offpart
221G	/exports/archive/molepi-lts/backups/GEHA_1000_Genomes
192G	/exports/archive/molepi-lts/results/HRC1.1_imputation
178G	/exports/archive/molepi-lts/backups/GEHA_French_1000_Genomes
155G	/exports/archive/molepi-lts/raw/AutoCrat_temp
128G	/exports/archive/molepi-lts/raw/AutoCrat
117G	/exports/archive/molepi-lts/results/Other
97G	/exports/archive/molepi-lts/processing/CEPH
95G	/exports/archive/molepi-lts/processing/GEHA
85G	/exports/archive/molepi-lts/processing/1000Genomes_imputation
85G	/exports/archive/molepi-lts/backups/GEHA_Italy_1000_Genomes
77G	/exports/archive/molepi-lts/backups/GOTO_1000G
73G	/exports/archive/molepi-lts/results/GEHA
71G	/exports/archive/molepi-lts/processing/LLS-sibs+BBMRI100
69G	/exports/archive/molepi-lts/raw/UTwente
61G	/exports/archive/molepi-lts/results/LLS-sibs
59G	/exports/archive/molepi-lts/raw/UKB
32G	/exports/archive/molepi-lts/raw/GARP
28G	/exports/archive/molepi-lts/results/SVEN_GRS
27G	/exports/archive/molepi-lts/backups/LLS_Offspring_Partners_1000_Genomes_X
25G	/exports/archive/molepi-lts/processing/GARP
21G	/exports/archive/molepi-lts/raw/CHECK
20G	/exports/archive/molepi-lts/results/PROSPER
19G	/exports/archive/molepi-lts/raw/OleicAcid_Tcells
15G	/exports/archive/molepi-lts/results/Leiden_85_plus
15G	/exports/archive/molepi-lts/processing/Leiden_85_plus
11G	/exports/archive/molepi-lts/results/CEPH
11G	/exports/archive/molepi-lts/raw/LLS-sibs-UPDATE
11G	/exports/archive/molepi-lts/processing/RegMedXb
9.2G	/exports/archive/molepi-lts/results/Groep_Hart
9.2G	/exports/archive/molepi-lts/raw/LLS-offpart
5.2G	/exports/archive/molepi-lts/processing/LLS-sibs+BBMRI96
5.1G	/exports/archive/molepi-lts/raw/GEHA
4.2G	/exports/archive/molepi-lts/results/GOTO_UPDATE
4.2G	/exports/archive/molepi-lts/backups/LLS_Offspring_Partners_1000_Genomes_March_2012
4.0G	/exports/archive/molepi-lts/raw/PROSPER
3.1G	/exports/archive/molepi-lts/results/OleicAcid_Tcells
2.9G	/exports/archive/molepi-lts/backups/GEHA_French_1000_Genomes_X
2.4G	/exports/archive/molepi-lts/raw/CEPH
2.2G	/exports/archive/molepi-lts/backups/windows_data
2.0G	/exports/archive/molepi-lts/processing/AutoCrat
1.9G	/exports/archive/molepi-lts/backups/GEHA_Italy_1000_Genomes_X
1.1G	/exports/archive/molepi-lts/results/GOTO-EWAS
934M	/exports/archive/molepi-lts/raw/Leiden_85_plus
725M	/exports/archive/molepi-lts/raw/NIPED
479M	/exports/archive/molepi-lts/raw/LLS
450M	/exports/archive/molepi-lts/backups/LLS_Nonagenarians_Partners_GEHA_HRC1.1
111M	/exports/archive/molepi-lts/processing/DNAmArray
67M	/exports/archive/molepi-lts/processing/LLS_EWAS
50M	/exports/archive/molepi-lts/raw/retryUKB
7.4M	/exports/archive/molepi-lts/processing/Kabuki_DNAm
2.1M	/exports/archive/molepi-lts/processing/OleicAcid_Tcells
144K	/exports/archive/molepi-lts/backups/ExampleProject_JulianDekker_220901_Aging
72K	/exports/archive/molepi-lts/raw/example_project
40K	/exports/archive/molepi-lts/results/Results_LLS_Imputation_SummaryStatistics_ThyroidGWASoutput_2020.05.01_def
40K	/exports/archive/molepi-lts/results/LLS-EWAS
40K	/exports/archive/molepi-lts/results/GOTO
40K	/exports/archive/molepi-lts/raw/LLS_EWAS
40K	/exports/archive/molepi-lts/raw/Kabuki_DNAm
40K	/exports/archive/molepi-lts/raw/HWFS
40K	/exports/archive/molepi-lts/raw/GENIUSII
40K	/exports/archive/molepi-lts/Project_Backups
40K	/exports/archive/molepi-lts/processing/SCIMAP
0	/exports/archive/molepi-lts/scripts
