26T	/exports/molepi/users/
6.2T	/exports/molepi/users/sboehringer
3.9T	/exports/molepi/users/Roderick
2.8T	/exports/molepi/users/ljsinke
2.0T	/exports/molepi/users/qhelmer
1.5T	/exports/molepi/users/rlmulders
1.5T	/exports/molepi/users/kai
1.4T	/exports/molepi/users/Yanju
1.3T	/exports/molepi/users/mvaniterson
1017G	/exports/molepi/users/phop
919G	/exports/molepi/users/YFMRamos
772G	/exports/molepi/users/jdeelen
624G	/exports/molepi/users/Koen
573G	/exports/molepi/users/ebvandenakker
315G	/exports/molepi/users/dvojinovic
307G	/exports/molepi/users/jjdekker1
294G	/exports/molepi/users/gmazzini
181G	/exports/molepi/users/pjvan_thof
170G	/exports/molepi/users/cdgrant
82G	/exports/molepi/users/mhmoed
81G	/exports/molepi/users/ewtobi
71G	/exports/molepi/users/maknickel
59G	/exports/molepi/users/ngcbloks
49G	/exports/molepi/users/selbouhaddani
39G	/exports/molepi/users/smkielbasa
36G	/exports/molepi/users/wzhou
25G	/exports/molepi/users/bballiu
21G	/exports/molepi/users/gbouland
13G	/exports/molepi/users/mgramatica
11G	/exports/molepi/users/Richard
8.2G	/exports/molepi/users/RTISSIER
8.1G	/exports/molepi/users/opveth
7.6G	/exports/molepi/users/mhaan
6.4G	/exports/molepi/users/JuliaTilburg
4.8G	/exports/molepi/users/madejong
3.5G	/exports/molepi/users/Wouter
3.3G	/exports/molepi/users/stsonaka
1.7G	/exports/molepi/users/tabalan
1.2G	/exports/molepi/users/mhsluiskes
719M	/exports/molepi/users/strompet
633M	/exports/molepi/users/mvanhoolwerff
354M	/exports/molepi/users/aakakourou-home
250M	/exports/molepi/users/rcoutinhodealmeida
201M	/exports/molepi/users/aakakourou
188M	/exports/molepi/users/Nathalie
176M	/exports/molepi/users/Juliette
97M	/exports/molepi/users/tgherman
90M	/exports/molepi/users/mtuerlings
14M	/exports/molepi/users/amfuady
7.7M	/exports/molepi/users/YRamos
4.9M	/exports/molepi/users/thjonkman
312K	/exports/molepi/users/imartin
80K	/exports/molepi/users/rmonajemi
72K	/exports/molepi/users/jflecken
40K	/exports/molepi/users/gbeumer
